null, 3, 27, 26
   1, 2, 25, 25
      2, 1, 15, 5
         6, 0, 0, 0
            7, 0, 0, 0
            12, 0, 0, 0
      8, 0, 0, 0
         9, 0, 0, 0
   3, 1, 2, 1
      10, 0, 0, 0
         11, 0, 0, 0
   23, 0, 0, 0