Nothing, it should throw an exception that it found a cycle